~/workspace$ git add .
git commit -m " update on Android navigation" 
git push https://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@github.com/mihle-matimba/mint.git 
On branch main
Your branch and 'origin/main' have diverged,
and have 9 and 1 different commits each, respectively.

nothing to commit, working tree clean
To https://github.com/mihle-matimba/mint.git
 ! [rejected]        main -> main (non-fast-forward)
error: failed to push some refs to 'https://github.com/mihle-matimba/mint.git'
hint: Updates were rejected because the tip of your current branch is behind
hint: its remote counterpart. If you want to integrate the remote changes,
hint: use 'git pull' before pushing again.
hint: See the 'Note about fast-forwards' in 'git push --help' for details.
~/workspace$ git branch -a
  Android.v1
  Android.v2
* main
  replit-agent
  remotes/gitsafe-backup/main
  remotes/origin/Android.v1
  remotes/origin/Android.v2
  remotes/origin/Credit-Code
  remotes/origin/HEAD -> origin/main
  remotes/origin/TruID
  remotes/origin/codex/add-biometrics-debug-screen-in-settings
  remotes/origin/codex/add-biometrics-debug-screen-in-settings-i9rkzn
  remotes/origin/codex/add-charts-to-openstrategies-preview-page
  remotes/origin/codex/add-creditpage-and-creditscorepage
  remotes/origin/codex/add-responsiveness-and-close-icon-to-navbar
  remotes/origin/codex/apply-purple-gradient-to-more-page-icons
  remotes/origin/codex/change-total-balance-to-mint-balance-and-update-ui
  remotes/origin/codex/create-openstrategies-mobile-app-screen
  remotes/origin/codex/create-performance-chart-component-for-mint
  remotes/origin/codex/edit-homepage.jsx-and-navbar.jsx-files
  remotes/origin/codex/fix-flag-display-on-openstrategies-page
  remotes/origin/codex/implement-draggable-transactions-bottom-sheet
  remotes/origin/codex/implement-draggable-transactions-bottom-sheet-18shhq
  remotes/origin/codex/implement-face-id-login-for-returning-users
  remotes/origin/codex/implement-face-id-login-for-returning-users-e87663
  remotes/origin/codex/investigate-account-email-conflict
  remotes/origin/codex/make-activity-feed-match-notifications-screen
  remotes/origin/codex/make-navbar-sticky-to-bottom
  remotes/origin/codex/make-navbar-sticky-to-bottom-avvgkz
  remotes/origin/codex/make-navbar-sticky-with-bottom-padding
  remotes/origin/codex/match-home-style-to-credit-page
  remotes/origin/codex/populate-app-with-real-data-and-improve-schema
  remotes/origin/codex/reduce-left-and-right-padding-on-strategies-page
  remotes/origin/codex/remove-mint-balance-information-section
  remotes/origin/codex/scroll-to-top-on-page-change
  remotes/origin/codex/update-biometrics-pop-up-icon-and-text
  remotes/origin/codex/update-circular-rotating-bubbles-and-invest-screen
  remotes/origin/codex/update-home-page-layout
  remotes/origin/codex/update-morepage-layout-and-icons
  remotes/origin/codex/update-morepage-layout-and-icons-sy1dmy
~/workspace$ git add .
git commit -m " update on Android navigation" 
git push https://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@github.com/mihle-matimba/mint.git 
On branch main
Your branch and 'origin/main' have diverged,
and have 9 and 1 different commits each, respectively.

nothing to commit, working tree clean
To https://github.com/mihle-matimba/mint.git
 ! [rejected]        main -> main (non-fast-forward)
error: failed to push some refs to 'https://github.com/mihle-matimba/mint.git'
hint: Updates were rejected because the tip of your current branch is behind
hint: its remote counterpart. If you want to integrate the remote changes,
hint: use 'git pull' before pushing again.
hint: See the 'Note about fast-forwards' in 'git push --help' for details.
~/workspace$ git switch origin/main
fatal: a branch is expected, got remote branch 'origin/main'
hint: If you want to detach HEAD at the commit, try again with the --detach option.
~/workspace$ git fetch origin
git log --oneline main..origin/main
remote: Enumerating objects: 13, done.
remote: Counting objects: 100% (12/12), done.
remote: Compressing objects: 100% (1/1), done.
remote: Total 5 (delta 4), reused 5 (delta 4), pack-reused 0 (from 0)
Unpacking objects: 100% (5/5), 1.30 KiB | 331.00 KiB/s, done.
From https://github.com/mihle-matimba/mint
   fea6404..217a733  TruID      -> origin/TruID
4560d88 (origin/main, origin/HEAD) Restore browser history navigation and update server configuration
~/workspace$ 